// Vitest Snapshot v1, https://vitest.dev/guide/snapshot.html

exports[`buildRecommendationReasonViewModel > reason文の代表パターンを snapshot で固定する 1`] = `
{
  "birthdate": {
    "debug": {
      "reasonKeys": {
        "primary": "element_match",
        "secondary": "sign_match",
        "summary": "element_match",
      },
    },
    "detail": {
      "actionMeaning": undefined,
      "consultationSummary": "今は勢いで答えを出すほど感覚がぶれやすく、合う・合わないを静かに見極めたい状態です。 今は結論を急ぐより、相性として無理がないか、落ち着いて受け取れる場所かを先に整理するのが合っています。",
      "heroMeaningCopy": "相性の無理が少なく、落ち着いて受け取りやすい神社",
      "shrineMeaning": "この神社は、今の自分に無理なく向き合いたい願いを見直し、今の流れを整える節目として置きやすい場所です。

勢いで合う・合わないを決めるほど感覚がぶれやすい今は、自分の感覚を整えながら、相性の受け取り方を見直す節目として向き合いやすい場所です。",
    },
    "hero": {
      "catchCopy": "相性から静かに選びたい時の神社",
      "topReasonLabel": "相性との一致が強い",
    },
    "inputType": "birthdate",
    "interpretation": {
      "actionMeaning": undefined,
      "consultationSummary": "今は勢いで答えを出すほど感覚がぶれやすく、合う・合わないを静かに見極めたい状態です。 今は結論を急ぐより、相性として無理がないか、落ち着いて受け取れる場所かを先に整理するのが合っています。",
      "shrineMeaning": "この神社は、今の自分に無理なく向き合いたい願いを見直し、今の流れを整える節目として置きやすい場所です。

勢いで合う・合わないを決めるほど感覚がぶれやすい今は、自分の感覚を整えながら、相性の受け取り方を見直す節目として向き合いやすい場所です。",
    },
    "list": {
      "primaryPhrase": "生年月日から見た「水」の要素との相性が強く重なるため、この神社が候補に入っています。",
      "secondaryPhrase": "気質とのなじみも補助的に見られます。",
      "summary": "生年月日との相性の重なりを主軸に、この神社が選ばれています。",
    },
    "rank": {
      "differenceFromOthers": "他候補よりも、気質に無理なく馴染みやすい点が上位理由になっています。",
      "whyTop": "今回の候補の中でも、生年月日との相性の重なりが最も強く見られる候補です。",
    },
    "why": {
      "primaryReason": "生年月日から見た「水」の要素との相性が強く重なるため、この神社が候補に入っています。",
      "reasonKeys": {
        "primary": "element_match",
        "secondary": "sign_match",
        "summary": "element_match",
      },
      "secondaryReason": "気質とのなじみも補助的に見られます。",
      "summary": "生年月日との相性の重なりを主軸に、この神社が選ばれています。",
    },
  },
  "fallback": {
    "debug": {
      "reasonKeys": {
        "primary": "popular",
        "secondary": "distance",
        "summary": "distance",
      },
    },
    "detail": {
      "actionMeaning": "まず無理なく足を運べること自体が、参拝の入口になります。",
      "consultationSummary": "切り替えたい気持ちが強い時ほど、急いで結論を出そうとして判断が粗くなり、流れの見極めが雑になりやすくなります。 今は答えを急いで決めるより先に、どこを切り替えて何を残すかを整理できる場を優先するのが合っています。",
      "heroMeaningCopy": "切り替えの流れを整え、次の見方を作る神社",
      "shrineMeaning": "この神社は、切り替えや節目を整え、次の見方を作りたい願いを見直し、今の流れを整える節目として置きやすい場所です。

結論を急ぐほど何を切り替えるかが見えにくくなる今は、流れを整えながら、どこを切り替えるかを見直す節目として向き合いやすい場所です。",
    },
    "hero": {
      "catchCopy": "今の状態に重ねて見やすい神社",
      "topReasonLabel": "まず選びやすい",
    },
    "inputType": "fallback",
    "interpretation": {
      "actionMeaning": "まず無理なく足を運べること自体が、参拝の入口になります。",
      "consultationSummary": "切り替えたい気持ちが強い時ほど、急いで結論を出そうとして判断が粗くなり、流れの見極めが雑になりやすくなります。 今は答えを急いで決めるより先に、どこを切り替えて何を残すかを整理できる場を優先するのが合っています。",
      "shrineMeaning": "この神社は、切り替えや節目を整え、次の見方を作りたい願いを見直し、今の流れを整える節目として置きやすい場所です。

結論を急ぐほど何を切り替えるかが見えにくくなる今は、流れを整えながら、どこを切り替えるかを見直す節目として向き合いやすい場所です。",
    },
    "list": {
      "primaryPhrase": "今回はまず選びやすさを優先して、この神社が候補に入っています。",
      "secondaryPhrase": "無理なく足を運びやすい条件もあります。",
      "summary": "今回はまず動きやすさを優先して、この神社が選ばれています。",
    },
    "rank": {
      "differenceFromOthers": "他候補よりも、迷いがある段階でも選択しやすい点を優先しています。",
      "whyTop": "今回の候補の中でも、選びやすさの安定感が強い候補です。",
    },
    "why": {
      "primaryReason": "今回はまず選びやすさを優先して、この神社が候補に入っています。",
      "reasonKeys": {
        "primary": "popular",
        "secondary": "distance",
        "summary": "distance",
      },
      "secondaryReason": "無理なく足を運びやすい条件もあります。",
      "summary": "今回はまず動きやすさを優先して、この神社が選ばれています。",
    },
  },
  "query": {
    "debug": {
      "reasonKeys": {
        "primary": "need_match",
        "secondary": "text_match",
        "summary": "need_match",
      },
    },
    "detail": {
      "actionMeaning": undefined,
      "consultationSummary": "切り替えたい気持ちが強い時ほど、急いで結論を出そうとして判断が粗くなり、流れの見極めが雑になりやすくなります。 今は答えを急いで決めるより先に、どこを切り替えて何を残すかを整理できる場を優先するのが合っています。",
      "heroMeaningCopy": "切り替えの流れを整え、次の見方を作る神社",
      "shrineMeaning": "この神社は、切り替えや節目を整え、次の見方を作りたい願いを見直し、今の流れを整える節目として置きやすい場所です。

結論を急ぐほど何を切り替えるかが見えにくくなる今は、流れを整えながら、どこを切り替えるかを見直す節目として向き合いやすい場所です。",
    },
    "hero": {
      "catchCopy": "今の状態に重ねて見やすい神社",
      "topReasonLabel": "相談との一致が強い",
    },
    "inputType": "query",
    "interpretation": {
      "actionMeaning": undefined,
      "consultationSummary": "切り替えたい気持ちが強い時ほど、急いで結論を出そうとして判断が粗くなり、流れの見極めが雑になりやすくなります。 今は答えを急いで決めるより先に、どこを切り替えて何を残すかを整理できる場を優先するのが合っています。",
      "shrineMeaning": "この神社は、切り替えや節目を整え、次の見方を作りたい願いを見直し、今の流れを整える節目として置きやすい場所です。

結論を急ぐほど何を切り替えるかが見えにくくなる今は、流れを整えながら、どこを切り替えるかを見直す節目として向き合いやすい場所です。",
    },
    "list": {
      "primaryPhrase": "今回の相談の中心にある「転機」のテーマと最も強く重なるため、この神社が候補に入っています。",
      "secondaryPhrase": "相談内容の流れに沿って受け取りやすい点も、この神社が候補に入った理由です。",
      "summary": "相談内容と神社の性質が重なるため、この神社が選ばれています。",
    },
    "rank": {
      "differenceFromOthers": "他候補よりも、今回いちばん優先したいテーマにまっすぐ重なりやすい位置づけです。",
      "whyTop": "今回の候補の中でも、相談内容との一致が最も強く見られる候補です。",
    },
    "why": {
      "primaryReason": "今回の相談の中心にある「転機」のテーマと最も強く重なるため、この神社が候補に入っています。",
      "reasonKeys": {
        "primary": "need_match",
        "secondary": "text_match",
        "summary": "need_match",
      },
      "secondaryReason": "相談内容の流れに沿って受け取りやすい点も、この神社が候補に入った理由です。",
      "summary": "相談内容と神社の性質が重なるため、この神社が選ばれています。",
    },
  },
}
`;
